SQL> SELECT FROM CD, D FROM DEPARTAMENTO
  2  ;
SELECT FROM CD, D FROM DEPARTAMENTO
       *
ERROR at line 1:
ORA-00936: missing expression 


SQL> SELECT CD, D FROM DEPATRAMENTO;
SELECT CD, D FROM DEPATRAMENTO
                  *
ERROR at line 1:
ORA-00942: table or view does not exist 


SQL> SELECT CD,D FROM DEPARTAMENTO
  2  ;

        CD D                                                                    
---------- ------------------------------------------------------------         
         1 ANALISIS MATEMATICO                                                  
         2 ASTROFISICA                                                          
         3 ESTATISTICAS,INVESTIGACION OPERATIVA Y COMPUTACION                   
         4 MATEMATICA FUNDAMENTAL                                               

SQL> SELECT * FROM AREA
  2  ;

       CAR AR                                                                   
---------- ------------------------------------------------------------         
        CD                                                                      
----------                                                                      
         1 ALGEBRA                                                              
         4                                                                      
                                                                                
         2 ANALISIS MATEMATICO                                                  
         1                                                                      
                                                                                
         3 ASTRONOMIA Y ASTROFISICA                                             
         2                                                                      
                                                                                

       CAR AR                                                                   
---------- ------------------------------------------------------------         
        CD                                                                      
----------                                                                      
         4 CIENCIAS DE LA COMPUTACION E INTELIGENCIA ARTIFICIAL                 
         3                                                                      
                                                                                
         5 DIDACTICA DE LA MATEMATICA                                           
         1                                                                      
                                                                                
         6 ESTATISTICA E INVESTIGACION OPERATIVA                                
         3                                                                      
                                                                                

       CAR AR                                                                   
---------- ------------------------------------------------------------         
        CD                                                                      
----------                                                                      
         7 LENGUAJES Y SISTEMAS INFORMATICOS                                    
         3                                                                      
                                                                                
         8 MATEMATICA APLICADA                                                  
         1                                                                      
                                                                                

8 rows selected.

SQL> SELECT DNI FROM PROFESOR;

       DNI                                                                      
----------                                                                      
      1010                                                                      
      1111                                                                      
      2020                                                                      
      2222                                                                      
      3030                                                                      
      3333                                                                      
      4444                                                                      
      5555                                                                      
      6666                                                                      
      7777                                                                      
      8888                                                                      

       DNI                                                                      
----------                                                                      
      9999                                                                      

12 rows selected.

SQL> SELECT * FROM PROFESOR
  2  ;

       DNI P                                                                    
---------- ------------------------------------------------------------         
       CAR CAT                                                                  
---------- -----                                                                
      1111 JUAN                                                                 
         6 CU                                                                   
                                                                                
      2222 CARLOS                                                               
         7 TU                                                                   
                                                                                
      3333 PEDRO                                                                
         4 TEU                                                                  
                                                                                

       DNI P                                                                    
---------- ------------------------------------------------------------         
       CAR CAT                                                                  
---------- -----                                                                
      4444 MARIA                                                                
         7 TU                                                                   
                                                                                
      5555 IVAN                                                                 
         1 CEU                                                                  
                                                                                
      6666 CARMEN                                                               
         3 CD                                                                   
                                                                                

       DNI P                                                                    
---------- ------------------------------------------------------------         
       CAR CAT                                                                  
---------- -----                                                                
      7777 MARIO                                                                
         2 TU                                                                   
                                                                                
      8888 FRANCISCO                                                            
         5 TU                                                                   
                                                                                
      9999 ANGELA                                                               
         8 TEU                                                                  
                                                                                

       DNI P                                                                    
---------- ------------------------------------------------------------         
       CAR CAT                                                                  
---------- -----                                                                
      1010 DAVID                                                                
         4 TU                                                                   
                                                                                
      2020 SOLEDAD                                                              
         7 CU                                                                   
                                                                                
      3030 JOSE MANUEL                                                          
         6 TEU                                                                  
                                                                                

12 rows selected.

SQL> SELECT P,DNI,CAT,CAR
  2  ;

*
ERROR at line 2:
ORA-00923: FROM keyword not found where expected 


SQL> SELECT P,DNI,CAT,CAR FROM PROFESOR;

P                                                                   DNI CAT     
------------------------------------------------------------ ---------- -----   
       CAR                                                                      
----------                                                                      
JUAN                                                               1111 CU      
         6                                                                      
                                                                                
CARLOS                                                             2222 TU      
         7                                                                      
                                                                                
PEDRO                                                              3333 TEU     
         4                                                                      
                                                                                

P                                                                   DNI CAT     
------------------------------------------------------------ ---------- -----   
       CAR                                                                      
----------                                                                      
MARIA                                                              4444 TU      
         7                                                                      
                                                                                
IVAN                                                               5555 CEU     
         1                                                                      
                                                                                
CARMEN                                                             6666 CD      
         3                                                                      
                                                                                

P                                                                   DNI CAT     
------------------------------------------------------------ ---------- -----   
       CAR                                                                      
----------                                                                      
MARIO                                                              7777 TU      
         2                                                                      
                                                                                
FRANCISCO                                                          8888 TU      
         5                                                                      
                                                                                
ANGELA                                                             9999 TEU     
         8                                                                      
                                                                                

P                                                                   DNI CAT     
------------------------------------------------------------ ---------- -----   
       CAR                                                                      
----------                                                                      
DAVID                                                              1010 TU      
         4                                                                      
                                                                                
SOLEDAD                                                            2020 CU      
         7                                                                      
                                                                                
JOSE MANUEL                                                        3030 TEU     
         6                                                                      
                                                                                

12 rows selected.

SQL> SELECT P NOMBRE,DNI NIF,CAT Categoria,CAR Codigo FROM PROFESOR
  2  ;

NOMBRE                                                              NIF CATEG   
------------------------------------------------------------ ---------- -----   
    CODIGO                                                                      
----------                                                                      
JUAN                                                               1111 CU      
         6                                                                      
                                                                                
CARLOS                                                             2222 TU      
         7                                                                      
                                                                                
PEDRO                                                              3333 TEU     
         4                                                                      
                                                                                

NOMBRE                                                              NIF CATEG   
------------------------------------------------------------ ---------- -----   
    CODIGO                                                                      
----------                                                                      
MARIA                                                              4444 TU      
         7                                                                      
                                                                                
IVAN                                                               5555 CEU     
         1                                                                      
                                                                                
CARMEN                                                             6666 CD      
         3                                                                      
                                                                                

NOMBRE                                                              NIF CATEG   
------------------------------------------------------------ ---------- -----   
    CODIGO                                                                      
----------                                                                      
MARIO                                                              7777 TU      
         2                                                                      
                                                                                
FRANCISCO                                                          8888 TU      
         5                                                                      
                                                                                
ANGELA                                                             9999 TEU     
         8                                                                      
                                                                                

NOMBRE                                                              NIF CATEG   
------------------------------------------------------------ ---------- -----   
    CODIGO                                                                      
----------                                                                      
DAVID                                                              1010 TU      
         4                                                                      
                                                                                
SOLEDAD                                                            2020 CU      
         7                                                                      
                                                                                
JOSE MANUEL                                                        3030 TEU     
         6                                                                      
                                                                                

12 rows selected.

SQL> SELECT * FROM ASIGNATURA
  2  ;

       CAS A                                                  T           CUR   
---------- -------------------------------------------------- ---- ----------   
       CAR         CT         CP         CL                                     
---------- ---------- ---------- ----------                                     
         1 BASES DE DATOS                                     GII           3   
         7          3        1.5        1.5                                     
                                                                                
         2 INTELIGENCIA ARTIFICIAL                            GII           3   
         4        1.5        1.5          3                                     
                                                                                
         3 ALMACENES DE DATOS                                 MII           1   
         7        1.5          0        1.5                                     
                                                                                

       CAS A                                                  T           CUR   
---------- -------------------------------------------------- ---- ----------   
       CAR         CT         CP         CL                                     
---------- ---------- ---------- ----------                                     
         4 MINERIA DE DATOS                                   MII           1   
         7        1.5          0        1.5                                     
                                                                                
         5 INFORMATICA BASICA                                 GII           1   
         7          3        1.5        1.5                                     
                                                                                
         6 ALGEBRA                                            GII           1   
         1          3          3          0                                     
                                                                                

       CAS A                                                  T           CUR   
---------- -------------------------------------------------- ---- ----------   
       CAR         CT         CP         CL                                     
---------- ---------- ---------- ----------                                     
         7 CALCULO                                            GII           1   
         8          3          3          0                                     
                                                                                
         8 OPTIMIZACION                                       GII           1   
         6          3        1.5        1.5                                     
                                                                                
         9 GESTION DE RIESGOS                                 GII           3   
         4          3          0          3                                     
                                                                                

       CAS A                                                  T           CUR   
---------- -------------------------------------------------- ---- ----------   
       CAR         CT         CP         CL                                     
---------- ---------- ---------- ----------                                     
        10 ASTRONOMIA                                         GF            2   
         3          3        1.5        1.5                                     
                                                                                
        11 ENSENANZA DE LA MATEMATICA                         GM            2   
         5          6          0          0                                     
                                                                                
        12 ANALISIS COMPLEJO                                  GM            4   
         2        4.5          3          0                                     
                                                                                

12 rows selected.

SQL> SELECT * FROM ASIGATURA WHERE T = 'GII'
  2  ;
SELECT * FROM ASIGATURA WHERE T = 'GII'
              *
ERROR at line 1:
ORA-00942: table or view does not exist 


SQL> SELECT FROM ASIGNATURA
  2  ;
SELECT FROM ASIGNATURA
       *
ERROR at line 1:
ORA-00936: missing expression 


SQL> SELECT * FROM ASIGNATURA
  2  ;

       CAS A                                                  T           CUR   
---------- -------------------------------------------------- ---- ----------   
       CAR         CT         CP         CL                                     
---------- ---------- ---------- ----------                                     
         1 BASES DE DATOS                                     GII           3   
         7          3        1.5        1.5                                     
                                                                                
         2 INTELIGENCIA ARTIFICIAL                            GII           3   
         4        1.5        1.5          3                                     
                                                                                
         3 ALMACENES DE DATOS                                 MII           1   
         7        1.5          0        1.5                                     
                                                                                

       CAS A                                                  T           CUR   
---------- -------------------------------------------------- ---- ----------   
       CAR         CT         CP         CL                                     
---------- ---------- ---------- ----------                                     
         4 MINERIA DE DATOS                                   MII           1   
         7        1.5          0        1.5                                     
                                                                                
         5 INFORMATICA BASICA                                 GII           1   
         7          3        1.5        1.5                                     
                                                                                
         6 ALGEBRA                                            GII           1   
         1          3          3          0                                     
                                                                                

       CAS A                                                  T           CUR   
---------- -------------------------------------------------- ---- ----------   
       CAR         CT         CP         CL                                     
---------- ---------- ---------- ----------                                     
         7 CALCULO                                            GII           1   
         8          3          3          0                                     
                                                                                
         8 OPTIMIZACION                                       GII           1   
         6          3        1.5        1.5                                     
                                                                                
         9 GESTION DE RIESGOS                                 GII           3   
         4          3          0          3                                     
                                                                                

       CAS A                                                  T           CUR   
---------- -------------------------------------------------- ---- ----------   
       CAR         CT         CP         CL                                     
---------- ---------- ---------- ----------                                     
        10 ASTRONOMIA                                         GF            2   
         3          3        1.5        1.5                                     
                                                                                
        11 ENSENANZA DE LA MATEMATICA                         GM            2   
         5          6          0          0                                     
                                                                                
        12 ANALISIS COMPLEJO                                  GM            4   
         2        4.5          3          0                                     
                                                                                

12 rows selected.

SQL> SELECT * FROM ASIGNATURA WHERE T='GII'
  2  ;

       CAS A                                                  T           CUR   
---------- -------------------------------------------------- ---- ----------   
       CAR         CT         CP         CL                                     
---------- ---------- ---------- ----------                                     
         1 BASES DE DATOS                                     GII           3   
         7          3        1.5        1.5                                     
                                                                                
         2 INTELIGENCIA ARTIFICIAL                            GII           3   
         4        1.5        1.5          3                                     
                                                                                
         5 INFORMATICA BASICA                                 GII           1   
         7          3        1.5        1.5                                     
                                                                                

       CAS A                                                  T           CUR   
---------- -------------------------------------------------- ---- ----------   
       CAR         CT         CP         CL                                     
---------- ---------- ---------- ----------                                     
         6 ALGEBRA                                            GII           1   
         1          3          3          0                                     
                                                                                
         7 CALCULO                                            GII           1   
         8          3          3          0                                     
                                                                                
         8 OPTIMIZACION                                       GII           1   
         6          3        1.5        1.5                                     
                                                                                

       CAS A                                                  T           CUR   
---------- -------------------------------------------------- ---- ----------   
       CAR         CT         CP         CL                                     
---------- ---------- ---------- ----------                                     
         9 GESTION DE RIESGOS                                 GII           3   
         4          3          0          3                                     
                                                                                

7 rows selected.

SQL>  SELECT DNI FROM PROFESOR
  2  WHERE CAR= 7;

       DNI                                                                      
----------                                                                      
      2222                                                                      
      4444                                                                      
      2020                                                                      

SQL> SELECT DISTINCT P FROM PROFESOR
  2  WHERE CAR=7;

P                                                                               
------------------------------------------------------------                    
SOLEDAD                                                                         
CARLOS                                                                          
MARIA                                                                           

SQL> SELECT * FROM ASIGNATURA
  2  WHERE CAS > 7
  3  ;

       CAS A                                                  T           CUR   
---------- -------------------------------------------------- ---- ----------   
       CAR         CT         CP         CL                                     
---------- ---------- ---------- ----------                                     
         8 OPTIMIZACION                                       GII           1   
         6          3        1.5        1.5                                     
                                                                                
         9 GESTION DE RIESGOS                                 GII           3   
         4          3          0          3                                     
                                                                                
        10 ASTRONOMIA                                         GF            2   
         3          3        1.5        1.5                                     
                                                                                

       CAS A                                                  T           CUR   
---------- -------------------------------------------------- ---- ----------   
       CAR         CT         CP         CL                                     
---------- ---------- ---------- ----------                                     
        11 ENSENANZA DE LA MATEMATICA                         GM            2   
         5          6          0          0                                     
                                                                                
        12 ANALISIS COMPLEJO                                  GM            4   
         2        4.5          3          0                                     
                                                                                

SQL> SELECT * FROM ASIGNATURA
  2  WHERE CAS > 6
  3  ;

       CAS A                                                  T           CUR   
---------- -------------------------------------------------- ---- ----------   
       CAR         CT         CP         CL                                     
---------- ---------- ---------- ----------                                     
         7 CALCULO                                            GII           1   
         8          3          3          0                                     
                                                                                
         8 OPTIMIZACION                                       GII           1   
         6          3        1.5        1.5                                     
                                                                                
         9 GESTION DE RIESGOS                                 GII           3   
         4          3          0          3                                     
                                                                                

       CAS A                                                  T           CUR   
---------- -------------------------------------------------- ---- ----------   
       CAR         CT         CP         CL                                     
---------- ---------- ---------- ----------                                     
        10 ASTRONOMIA                                         GF            2   
         3          3        1.5        1.5                                     
                                                                                
        11 ENSENANZA DE LA MATEMATICA                         GM            2   
         5          6          0          0                                     
                                                                                
        12 ANALISIS COMPLEJO                                  GM            4   
         2        4.5          3          0                                     
                                                                                

6 rows selected.

SQL> SELECT A FROM ASIGNATURA
  2  WHERE CAS > 7;

A                                                                               
--------------------------------------------------                              
OPTIMIZACION                                                                    
GESTION DE RIESGOS                                                              
ASTRONOMIA                                                                      
ENSENANZA DE LA MATEMATICA                                                      
ANALISIS COMPLEJO                                                               

SQL> SELECT CAS FROM ASIGNATURA
  2  WHERE A='ALMACENES DE DATOS';

       CAS                                                                      
----------                                                                      
         3                                                                      

SQL> SELECT A FROM ASIGNATURA
  2  WHERE CAS <>8;

A                                                                               
--------------------------------------------------                              
BASES DE DATOS                                                                  
INTELIGENCIA ARTIFICIAL                                                         
ALMACENES DE DATOS                                                              
MINERIA DE DATOS                                                                
INFORMATICA BASICA                                                              
ALGEBRA                                                                         
CALCULO                                                                         
GESTION DE RIESGOS                                                              
ASTRONOMIA                                                                      
ENSENANZA DE LA MATEMATICA                                                      
ANALISIS COMPLEJO                                                               

11 rows selected.

SQL> SELECT A FROM ASIGNATURA
  2  WHERE CAS <> 8
  3  WHERE CAS <>11;
WHERE CAS <>11
*
ERROR at line 3:
ORA-00933: SQL command not properly ended 


SQL> SELECT A FROM ASIGNATURA
  2  WHERE CAS <> 8 AND WHERE CAS <>11;
WHERE CAS <> 8 AND WHERE CAS <>11
                   *
ERROR at line 2:
ORA-00936: missing expression 


SQL> SELECT A FROM ASIGNATURA
  2  WHERE CAS<>8 AND CAS<>11;

A                                                                               
--------------------------------------------------                              
BASES DE DATOS                                                                  
INTELIGENCIA ARTIFICIAL                                                         
ALMACENES DE DATOS                                                              
MINERIA DE DATOS                                                                
INFORMATICA BASICA                                                              
ALGEBRA                                                                         
CALCULO                                                                         
GESTION DE RIESGOS                                                              
ASTRONOMIA                                                                      
ANALISIS COMPLEJO                                                               

10 rows selected.

SQL> SELECT CAS FROM PLAN_DOCENTE
  2  WHERE DNI='3333'
  3  ;

       CAS                                                                      
----------                                                                      
         2                                                                      
         9                                                                      

SQL> SELECT CD FROM DEPARTAMENTO
  2  WHERE D?='ASTRTOFISICA'
  3  ;
WHERE D?='ASTRTOFISICA'
       *
ERROR at line 2:
ORA-00911: invalid character 


SQL> SELECT CD FROM DEPARTAMENTO
  2  WHERE D='ASTROFISICA'
  3  ;

        CD                                                                      
----------                                                                      
         2                                                                      

SQL> SELECT FROM PLAN_DOCENTE
  2  WHERE FI='01-09-09';
SELECT FROM PLAN_DOCENTE
       *
ERROR at line 1:
ORA-00936: missing expression 


SQL> SELECT FROM PLAN_DOCENTE
  2  WHERE FI='01-SEP-09';
SELECT FROM PLAN_DOCENTE
       *
ERROR at line 1:
ORA-00936: missing expression 


SQL> SELECT DNI FROM PLAN_DOCENTE
  2  WHERE FI='01-SEP-09';

       DNI                                                                      
----------                                                                      
      1010                                                                      
      1111                                                                      
      2222                                                                      
      3030                                                                      
      3333                                                                      
      8888                                                                      

6 rows selected.

SQL> SELECT DNI FROM PLAN_DOCENTE
  2  WHERE FI<'01-SEP-09';

       DNI                                                                      
----------                                                                      
      1010                                                                      
      1010                                                                      
      1111                                                                      
      2020                                                                      
      2222                                                                      
      3333                                                                      
      4444                                                                      
      6666                                                                      

8 rows selected.

SQL> SELECT AR FROM AREA
  2  WHERE CAR=3 OR CAR=5 OR CAR=8;

AR                                                                              
------------------------------------------------------------                    
ASTRONOMIA Y ASTROFISICA                                                        
DIDACTICA DE LA MATEMATICA                                                      
MATEMATICA APLICADA                                                             

SQL> SELECT AR FROM AREA
  2  WHERE CAR<>3 AND CAR<>5 AND CAR<>8
  3  ;

AR                                                                              
------------------------------------------------------------                    
ALGEBRA                                                                         
ANALISIS MATEMATICO                                                             
CIENCIAS DE LA COMPUTACION E INTELIGENCIA ARTIFICIAL                            
ESTATISTICA E INVESTIGACION OPERATIVA                                           
LENGUAJES Y SISTEMAS INFORMATICOS                                               

SQL> SELECT P FROM PROFESOR
  2  WHERE DNI>=3000 AND DNI<7000
  3  ;

P                                                                               
------------------------------------------------------------                    
JOSE MANUEL                                                                     
PEDRO                                                                           
MARIA                                                                           
IVAN                                                                            
CARMEN                                                                          

SQL> SELECT P FROM PROFESOR
  2  WHERE DNI>=3000 AND DNI<=7000
  3  ;

P                                                                               
------------------------------------------------------------                    
JOSE MANUEL                                                                     
PEDRO                                                                           
MARIA                                                                           
IVAN                                                                            
CARMEN                                                                          

SQL> SELECT P FROM PROFESOR
  2  WHERE DNI<=3000 AND DNI>=7000
  3  ;

no rows selected

SQL> SELECT P FROM PROFESOR
  2  WHERE DNI<=3000 OR DNI>=7000
  3  ;

P                                                                               
------------------------------------------------------------                    
JUAN                                                                            
CARLOS                                                                          
MARIO                                                                           
FRANCISCO                                                                       
ANGELA                                                                          
DAVID                                                                           
SOLEDAD                                                                         

7 rows selected.

SQL> SELECT CAS FROM PLAN_DOCENTE
  2  WHERE DNI='1111' AND FF IS NULL
  3  ;

       CAS                                                                      
----------                                                                      
         8                                                                      

SQL> SELECT A,(CT+CP+CL)
  2  FROM ASIGNATURA;

A                                                  (CT+CP+CL)                   
-------------------------------------------------- ----------                   
BASES DE DATOS                                              6                   
INTELIGENCIA ARTIFICIAL                                     6                   
ALMACENES DE DATOS                                          3                   
MINERIA DE DATOS                                            3                   
INFORMATICA BASICA                                          6                   
ALGEBRA                                                     6                   
CALCULO                                                     6                   
OPTIMIZACION                                                6                   
GESTION DE RIESGOS                                          6                   
ASTRONOMIA                                                  6                   
ENSENANZA DE LA MATEMATICA                                  6                   

A                                                  (CT+CP+CL)                   
-------------------------------------------------- ----------                   
ANALISIS COMPLEJO                                         7.5                   

12 rows selected.

SQL> SELECT * FROM ASIGNATURA
  2  ;

       CAS A                                                  T           CUR   
---------- -------------------------------------------------- ---- ----------   
       CAR         CT         CP         CL                                     
---------- ---------- ---------- ----------                                     
         1 BASES DE DATOS                                     GII           3   
         7          3        1.5        1.5                                     
                                                                                
         2 INTELIGENCIA ARTIFICIAL                            GII           3   
         4        1.5        1.5          3                                     
                                                                                
         3 ALMACENES DE DATOS                                 MII           1   
         7        1.5          0        1.5                                     
                                                                                

       CAS A                                                  T           CUR   
---------- -------------------------------------------------- ---- ----------   
       CAR         CT         CP         CL                                     
---------- ---------- ---------- ----------                                     
         4 MINERIA DE DATOS                                   MII           1   
         7        1.5          0        1.5                                     
                                                                                
         5 INFORMATICA BASICA                                 GII           1   
         7          3        1.5        1.5                                     
                                                                                
         6 ALGEBRA                                            GII           1   
         1          3          3          0                                     
                                                                                

       CAS A                                                  T           CUR   
---------- -------------------------------------------------- ---- ----------   
       CAR         CT         CP         CL                                     
---------- ---------- ---------- ----------                                     
         7 CALCULO                                            GII           1   
         8          3          3          0                                     
                                                                                
         8 OPTIMIZACION                                       GII           1   
         6          3        1.5        1.5                                     
                                                                                
         9 GESTION DE RIESGOS                                 GII           3   
         4          3          0          3                                     
                                                                                

       CAS A                                                  T           CUR   
---------- -------------------------------------------------- ---- ----------   
       CAR         CT         CP         CL                                     
---------- ---------- ---------- ----------                                     
        10 ASTRONOMIA                                         GF            2   
         3          3        1.5        1.5                                     
                                                                                
        11 ENSENANZA DE LA MATEMATICA                         GM            2   
         5          6          0          0                                     
                                                                                
        12 ANALISIS COMPLEJO                                  GM            4   
         2        4.5          3          0                                     
                                                                                

12 rows selected.

SQL> COMMIT WORK
  2  ;

Commit complete.

SQL> SPOOL OFF
