SQL> UPDATE TITILACION
  2  SET FAC = 'FACULTAD FISICA'
  3  WHERE T='GF';
UPDATE TITILACION
       *
ERROR at line 1:
ORA-00942: table or view does not exist 


SQL> UPDATE TITULACION
  2  SET FAC = 'FACULTAD FISICA'
  3  WHERE T='GF';

1 row updated.

SQL> UPDATE TITULACION
  2  SET FAC = 'FACULTAD MATEMATICAS'
  3  WHERE T='GM';

1 row updated.

SQL> UPDATE TITULACION
  2  SET FAC = 'ESIT'
  3  WHERE T='GM';

1 row updated.

SQL> 
SQL> 
SQL> SELECT FROMSELECT *
  2  
SQL> 
SQL> SELECT * FROM TIT;
SELECT * FROM TIT
              *
ERROR at line 1:
ORA-00942: table or view does not exist 


SQL> CREATE SYNONYM TIT FOR TITULACION
  2  ;

Synonym created.

SQL> SELECT * FROM TIT;

T    FAC                                                                        
---- ----------------------------------------                                   
GF   FACULTAD FISICA                                                            
GM   ESIT                                                                       
GII                                                                             
MII                                                                             

SQL> ALTER TABLE ASIGNATURA
  2  ADD CONSTRAINT CONST1_T FOREIGH KEY(T) REFERENCES TITULACION ON DELETE CASCADE;
ADD CONSTRAINT CONST1_T FOREIGH KEY(T) REFERENCES TITULACION ON DELETE CASCADE
                                    *
ERROR at line 2:
ORA-01735: invalid ALTER TABLE option 


SQL> ALTER TABLE ASIGNATURA
  2  ADD CONSTRAINT CONST1_T
  3  FOREIGN (KEY) REFERENCES TITULACION ON DELETE CASCADE;
FOREIGN (KEY) REFERENCES TITULACION ON DELETE CASCADE
        *
ERROR at line 3:
ORA-00902: invalid datatype 


SQL> ALTER TABLE ASIGNATURA
  2  ADD CONSTRAINT CONST1_T
  3  FOREIGN KEY (T) REFERENCES TITULACION ON DELETE CASCADE;

Table altered.

SQL> ALTER TABLE TITULACION
  2  MODIFY T CHARD(6);
MODIFY T CHARD(6)
              *
ERROR at line 2:
ORA-01735: invalid ALTER TABLE option 


SQL> ALTER TABLE ASIGNATURA
  2  DISABLE CONSTRAINT CONST1_T;

Table altered.

SQL> ALTER TABLE TITULACION
  2  MODYFY (T CHAR(6));
MODYFY (T CHAR(6))
*
ERROR at line 2:
ORA-01735: invalid ALTER TABLE option 


SQL> ALTER TABLE TITULACION
  2  MODYFY (T CHAR(6));
MODYFY (T CHAR(6))
*
ERROR at line 2:
ORA-01735: invalid ALTER TABLE option 


SQL> ALTER TABLE ASIGNATURA
  2  DISABLE CONSTRAINT CONST1_T;

Table altered.

SQL> ALTER TABLE TITULACION
  2  MODIFY(T CHAR(6));

Table altered.

SQL> ALTER TABLE ASIGNATURA
  2  ENABLE  CONSTRAINT CONST1_T;

Table altered.

SQL> CREATE VIEW VISTA1
  2  AS SELECT CAS,A,T,CUR,CAR
  3  FROM ASIGNATURA;

View created.

SQL> SELECT * FROM VISTA1
  2  ;

       CAS A                                                  T           CUR   
---------- -------------------------------------------------- ---- ----------   
       CAR                                                                      
----------                                                                      
         1 BASES DE DATOS                                     GII           3   
         7                                                                      
                                                                                
         2 INTELIGENCIA ARTIFICIAL                            GII           3   
         4                                                                      
                                                                                
         3 ALMACENES DE DATOS                                 MII           1   
         7                                                                      
                                                                                

       CAS A                                                  T           CUR   
---------- -------------------------------------------------- ---- ----------   
       CAR                                                                      
----------                                                                      
         4 MINERIA DE DATOS                                   MII           1   
         7                                                                      
                                                                                
         5 INFORMATICA BASICA                                 GII           1   
         7                                                                      
                                                                                
         6 ALGEBRA                                            GII           1   
         1                                                                      
                                                                                

       CAS A                                                  T           CUR   
---------- -------------------------------------------------- ---- ----------   
       CAR                                                                      
----------                                                                      
         7 CALCULO                                            GII           1   
         8                                                                      
                                                                                
         8 OPTIMIZACION                                       GII           1   
         6                                                                      
                                                                                
         9 GESTION DE RIESGOS                                 GII           3   
         4                                                                      
                                                                                

       CAS A                                                  T           CUR   
---------- -------------------------------------------------- ---- ----------   
       CAR                                                                      
----------                                                                      
        10 ASTRONOMIA                                         GF            2   
         3                                                                      
                                                                                
        11 ENSENANZA DE LA MATEMATICA                         GM            2   
         5                                                                      
                                                                                
        12 ANALISIS COMPLEJO                                  GM            4   
         2                                                                      
                                                                                

12 rows selected.

SQL> ALTER TABLE ASIGNATURA
  2  DISABLE CONSTRAINT CONST1_T;

Table altered.

SQL> SPOOL OFF
