SQL> SELECT FROM ALUMNO.DEPARTAMENTO
  2  ;
SELECT FROM ALUMNO.DEPARTAMENTO
       *
ERROR at line 1:
ORA-00936: missing expression 


SQL> SELECT * ROM ALUMNO.DEPARTAMENTO
  2  ;
SELECT * ROM ALUMNO.DEPARTAMENTO
         *
ERROR at line 1:
ORA-00923: FROM keyword not found where expected 


SQL> SELECT *
  2  FROM ALU4348.DEPARTAMENTO;
FROM ALU4348.DEPARTAMENTO
             *
ERROR at line 2:
ORA-00942: table or view does not exist 


SQL> SELECT *
  2  FROM ALUMNO.DEPARTAMENTO;

        CD D                                                                    
---------- --------------------                                                 
         1 prueba                                                               
         5 ECONOMIA APLICADA                                                    

SQL> EXIT
SQL> SELECT * FROM alu0100981391.DEPARTAMENTO;
SP2-0640: Not connected
SQL> SELECT * FROM ALUMNO.DEPARTAMENTO;
SP2-0640: Not connected
SQL> SPOOL OFF
